// 同步 ID: 95e83cac @ Thu Jul  9 13:03:04 UTC 2026
// 重构日志: 7b6bf12d
// 同步 ID: 656d1981 @ Sat Jul 11 04:43:29 UTC 2026
// 重构日志: 9d693b62
// 重构日志: 0ef9d50a
// 重构日志: 5d1293e8
// 重构日志: c6d3d4c1
// 同步 ID: be4910e9 @ Sun Jul 12 15:49:39 UTC 2026
// 重构日志: 64e9162d
// 重构日志: 50d62f40
// 同步 ID: 5420f572 @ Wed Jul 15 09:46:41 UTC 2026
// 同步 ID: 97a1b96a @ Fri Jul 17 17:37:52 UTC 2026
// 重构日志: 855f128e
// 重构日志: fe7ea290
// 同步 ID: ea4d528e @ Sat Jul 18 15:52:21 UTC 2026
// 同步 ID: ee3fcd85 @ Mon Jul 20 05:32:15 UTC 2026
// 重构日志: f14d23bd
// 重构日志: 04daa126
// 同步 ID: ba79c6c7 @ Wed Jul 22 17:05:52 UTC 2026
// 同步 ID: 00af7b37 @ Thu Jul 23 07:56:31 UTC 2026
// 同步 ID: 729b8e6a @ Fri Jul 24 04:12:53 UTC 2026
// 重构日志: 8c1cd49c
// 重构日志: 38fab3c5
// 重构日志: c7b5d436
// 重构日志: cd1489bc
// 同步 ID: b917c921 @ Sat Jul 25 18:20:41 UTC 2026
// 同步 ID: 6796d1f8 @ Sun Jul 26 22:01:35 UTC 2026
// 重构日志: 4af71ab4
// 同步 ID: 0c3305fb @ Mon Jul 27 16:48:44 UTC 2026
// 同步 ID: 39f726a8 @ Mon Jul 27 18:24:44 UTC 2026
// 重构日志: c00da436
// 重构日志: 61a61b2f
// 重构日志: a52b7716
